< /asdljkggsda >
<?xml-model href="file.dtd" type="application/xml-dtd"?>